EN brst_addr_cntr_reg NULL C:/EDK/hw/XilinxProcessorIPLib/pcores/opb_ipif_v3_01_a/hdl/vhdl/brst_addr_cntr_reg.vhd sub00/vhpl08 1122082415
EN reset_mir NULL C:/EDK/hw/XilinxProcessorIPLib/pcores/opb_ipif_v3_01_a/hdl/vhdl/reset_mir.vhd sub00/vhpl12 1122082423
AR opb_flex_addr_cntr implementation C:/EDK/hw/XilinxProcessorIPLib/pcores/opb_ipif_v3_01_a/hdl/vhdl/opb_flex_addr_cntr.vhd sub00/vhpl03 1122082406
AR brst_addr_cntr implementation C:/EDK/hw/XilinxProcessorIPLib/pcores/opb_ipif_v3_01_a/hdl/vhdl/brst_addr_cntr.vhd sub00/vhpl07 1122082414
AR brst_addr_cntr_reg implementation C:/EDK/hw/XilinxProcessorIPLib/pcores/opb_ipif_v3_01_a/hdl/vhdl/brst_addr_cntr_reg.vhd sub00/vhpl09 1122082416
AR srl_fifo3 imp C:/EDK/hw/XilinxProcessorIPLib/pcores/opb_ipif_v3_01_a/hdl/vhdl/srl_fifo3.vhd sub00/vhpl01 1122082402
AR write_buffer implementation C:/EDK/hw/XilinxProcessorIPLib/pcores/opb_ipif_v3_01_a/hdl/vhdl/write_buffer.vhd sub00/vhpl11 1122082418
AR opb_ipif imp C:/EDK/hw/XilinxProcessorIPLib/pcores/opb_ipif_v3_01_a/hdl/vhdl/opb_ipif.vhd sub00/vhpl17 1122082436
EN opb_be_gen NULL C:/EDK/hw/XilinxProcessorIPLib/pcores/opb_ipif_v3_01_a/hdl/vhdl/opb_be_gen.vhd sub00/vhpl04 1122082411
EN opb_flex_addr_cntr NULL C:/EDK/hw/XilinxProcessorIPLib/pcores/opb_ipif_v3_01_a/hdl/vhdl/opb_flex_addr_cntr.vhd sub00/vhpl02 1122082405
EN opb_bam NULL C:/EDK/hw/XilinxProcessorIPLib/pcores/opb_ipif_v3_01_a/hdl/vhdl/opb_bam.vhd sub00/vhpl14 1122082433
EN opb_ipif NULL C:/EDK/hw/XilinxProcessorIPLib/pcores/opb_ipif_v3_01_a/hdl/vhdl/opb_ipif.vhd sub00/vhpl16 1122082435
EN write_buffer NULL C:/EDK/hw/XilinxProcessorIPLib/pcores/opb_ipif_v3_01_a/hdl/vhdl/write_buffer.vhd sub00/vhpl10 1122082417
EN srl_fifo3 NULL C:/EDK/hw/XilinxProcessorIPLib/pcores/opb_ipif_v3_01_a/hdl/vhdl/srl_fifo3.vhd sub00/vhpl00 1122082401
AR reset_mir implementation C:/EDK/hw/XilinxProcessorIPLib/pcores/opb_ipif_v3_01_a/hdl/vhdl/reset_mir.vhd sub00/vhpl13 1122082424
AR opb_bam implementation C:/EDK/hw/XilinxProcessorIPLib/pcores/opb_ipif_v3_01_a/hdl/vhdl/opb_bam.vhd sub00/vhpl15 1122082434
AR opb_be_gen implementation C:/EDK/hw/XilinxProcessorIPLib/pcores/opb_ipif_v3_01_a/hdl/vhdl/opb_be_gen.vhd sub00/vhpl05 1122082412
EN brst_addr_cntr NULL C:/EDK/hw/XilinxProcessorIPLib/pcores/opb_ipif_v3_01_a/hdl/vhdl/brst_addr_cntr.vhd sub00/vhpl06 1122082413
