--------------------------------------------------------------------------------
Release 7.1.01i Trace H.42
Copyright (c) 1995-2005 Xilinx, Inc.  All rights reserved.

trce -e 3 -xml system.twx system.ncd system.pcf


Design file:              system.ncd
Physical constraint file: system.pcf
Device,speed:             xc2vp30,-7 (PRODUCTION 1.91 2005-07-22)
Report level:             error report

Environment Variable      Effect 
--------------------      ------ 
NONE                      No environment variables were set
--------------------------------------------------------------------------------

INFO:Timing:2752 - To get complete path coverage, use the unconstrained paths
   option. All paths that are not constrained will be reported in the
   unconstrained paths section(s) of the report.

================================================================================
Timing constraint: TS_sys_clk_pin = PERIOD TIMEGRP "sys_clk_pin" 10 ns HIGH 50%;

 0 items analyzed, 0 timing errors detected.
--------------------------------------------------------------------------------

================================================================================
Timing constraint: TS_dcm_0_dcm_0_CLK0_BUF = PERIOD TIMEGRP "dcm_0_dcm_0_CLK0_BUF" TS_sys_clk_pin
        HIGH 50%;

 252942 items analyzed, 0 timing errors detected. (0 setup errors, 0 hold errors)
 Minimum period is   9.972ns.
--------------------------------------------------------------------------------


All constraints were met.


Data Sheet report:
-----------------
All values displayed in nanoseconds (ns)

Clock to Setup on destination clock sys_clk_pin
---------------+---------+---------+---------+---------+
               | Src:Rise| Src:Fall| Src:Rise| Src:Fall|
Source Clock   |Dest:Rise|Dest:Rise|Dest:Fall|Dest:Fall|
---------------+---------+---------+---------+---------+
sys_clk_pin    |    9.972|    1.468|    1.369|         |
---------------+---------+---------+---------+---------+


Timing summary:
---------------

Timing errors: 0  Score: 0

Constraints cover 252942 paths, 0 nets, and 12819 connections

Design statistics:
   Minimum period:   9.972ns (Maximum frequency: 100.281MHz)


Analysis completed Sun Apr 17 19:19:42 2005
--------------------------------------------------------------------------------



Peak Memory Usage: 176 MB
