--------------------------------------------------------------------------------
Release 7.1.02i Trace H.40
Copyright (c) 1995-2005 Xilinx, Inc.  All rights reserved.

C:/Xilinx/bin/nt/trce.exe -ise f:\fpga\proj\llist_fifo_big\llist_fifo_big.ise
-intstyle ise -e 3 -l 3 -s 7 -xml stimulus stimulus.ncd -o stimulus.twr
stimulus.pcf


Design file:              stimulus.ncd
Physical constraint file: stimulus.pcf
Device,speed:             xc2vp30,-7 (PRODUCTION 1.91 2005-03-25)
Report level:             error report

Environment Variable      Effect 
--------------------      ------ 
NONE                      No environment variables were set
--------------------------------------------------------------------------------

INFO:Timing:2752 - To get complete path coverage, use the unconstrained paths
   option. All paths that are not constrained will be reported in the
   unconstrained paths section(s) of the report.

================================================================================
Timing constraint: TS_SYSTEM_CLOCK = PERIOD TIMEGRP "SYSTEM_CLOCK" 10 ns HIGH 50%;

 7161 items analyzed, 0 timing errors detected. (0 setup errors, 0 hold errors)
 Minimum period is   8.282ns.
--------------------------------------------------------------------------------


All constraints were met.


Data Sheet report:
-----------------
All values displayed in nanoseconds (ns)

Clock to Setup on destination clock SYSTEM_CLOCK
---------------+---------+---------+---------+---------+
               | Src:Rise| Src:Fall| Src:Rise| Src:Fall|
Source Clock   |Dest:Rise|Dest:Rise|Dest:Fall|Dest:Fall|
---------------+---------+---------+---------+---------+
SYSTEM_CLOCK   |    8.282|         |         |         |
---------------+---------+---------+---------+---------+


Timing summary:
---------------

Timing errors: 0  Score: 0

Constraints cover 7161 paths, 0 nets, and 3277 connections

Design statistics:
   Minimum period:   8.282ns (Maximum frequency: 120.744MHz)


Analysis completed Mon May 30 23:57:19 2005
--------------------------------------------------------------------------------



Peak Memory Usage: 146 MB
