V3 14
FL flist.v 2005/04/01.12:35:39 J.33
MO work/flist FL flist.v MI mem
FL hfifo.v 2005/04/01.12:35:39 J.33
MO work/hfifo FL hfifo.v
FL mem.v 2005/04/01.12:35:40 J.33
MO work/mem FL mem.v
FL stimulus.v 2005/04/01.12:35:40 J.33
MO work/stimulus FL stimulus.v MI flist MI hfifo
FL stimulus_test.v 2008/05/22.16:33:56 J.33
MO work/stimulus_test FL stimulus_test.v MI stimulus
