MO aes_cipher_top NULL ./aes_cipher_top.v vlg55/aes__cipher__top.bin 1115265786
MO aes_sbox NULL ./aes_sbox.v vlg34/aes__sbox.bin 1115265786
MO fifo_rd_64_to_128 NULL ./fifo_rd_64_to_128.v vlg36/fifo__rd__64__to__128.bin 1115265786
MO user_logic NULL ./user_logic.v vlg08/user__logic.bin 1115265786
MO aes_key_expand_128 NULL ./aes_key_expand_128.v vlg62/aes__key__expand__128.bin 1115265786
MO aes_keygen NULL ./aes_keygen.v vlg5F/aes__keygen.bin 1115265786
MO aes_rcon NULL ./aes_rcon.v vlg46/aes__rcon.bin 1115265786
MO fifo_wr_128_to_64 NULL ./fifo_wr_128_to_64.v vlg41/fifo__wr__128__to__64.bin 1115265786
MO accel_sort NULL ./accel_sort.v vlg33/accel__sort.bin 1115265786
