V3 10
FL app_pack.v 2008/06/19.01:00:09 J.33 FL pkt.defn.vh FL parameter.vh
MO work/app_pack FL app_pack.v
FL app_unpack.v 2008/06/19.00:54:42 J.33 FL pkt.defn.vh FL parameter.vh
MO work/app_unpack FL app_unpack.v
FL parameter.vh 2008/06/15.18:48:09 J.33
FL pkt.defn.vh 2008/06/15.16:58:53 J.33
FL tb.v 2008/06/19.12:02:15 J.33 FL parameter.vh
MO work/tb FL tb.v MI app_pack MI app_unpack
