AR interrupt_control implementation C:/EDK/hw/XilinxProcessorIPLib/pcores/interrupt_control_v1_00_a/hdl/vhdl/interrupt_control.vhd sub00/vhpl01 1122082426
EN interrupt_control NULL C:/EDK/hw/XilinxProcessorIPLib/pcores/interrupt_control_v1_00_a/hdl/vhdl/interrupt_control.vhd sub00/vhpl00 1122082425
