E:\work\FPGA_PROJECTS\BLOCKS\integer_divider\implementation\system.ngc 1291940659
E:/work/FPGA_PROJECTS/BLOCKS/integer_divider/implementation/ppc405_0_wrapper.ngc 1291940345
E:/work/FPGA_PROJECTS/BLOCKS/integer_divider/implementation/ppc405_1_wrapper.ngc 1291940358
E:/work/FPGA_PROJECTS/BLOCKS/integer_divider/implementation/jtagppc_0_wrapper.ngc 1291940368
E:/work/FPGA_PROJECTS/BLOCKS/integer_divider/implementation/reset_block_wrapper.ngc 1291940379
E:/work/FPGA_PROJECTS/BLOCKS/integer_divider/implementation/plb_wrapper.ngc 1291940404
E:/work/FPGA_PROJECTS/BLOCKS/integer_divider/implementation/opb_wrapper.ngc 1291940423
E:/work/FPGA_PROJECTS/BLOCKS/integer_divider/implementation/plb2opb_wrapper.ngc 1291940452
E:/work/FPGA_PROJECTS/BLOCKS/integer_divider/implementation/rs232_uart_1_wrapper.ngc 1291940465
E:/work/FPGA_PROJECTS/BLOCKS/integer_divider/implementation/leds_4bit_wrapper.ngc 1291940482
E:/work/FPGA_PROJECTS/BLOCKS/integer_divider/implementation/dipsws_4bit_wrapper.ngc 1291940499
E:/work/FPGA_PROJECTS/BLOCKS/integer_divider/implementation/plb_bram_if_cntlr_1_wrapper.ngc 1291940522
E:/work/FPGA_PROJECTS/BLOCKS/integer_divider/implementation/plb_bram_if_cntlr_1_bram_wrapper.ngc 1291940535
E:/work/FPGA_PROJECTS/BLOCKS/integer_divider/implementation/dcm_0_wrapper.ngc 1291940545
E:/work/FPGA_PROJECTS/BLOCKS/integer_divider/implementation/huffman_encode_testharness_0_wrapper.ngc 1291940605
OK
