AR huffman_encode_testharness_0_wrapper structure F:/fpga/proj/huffman_encode/synthesis/../hdl/huffman_encode_testharness_0_wrapper.vhd sub00/vhpl01 1122082452
EN huffman_encode_testharness_0_wrapper NULL F:/fpga/proj/huffman_encode/synthesis/../hdl/huffman_encode_testharness_0_wrapper.vhd sub00/vhpl00 1122082451
