V2 131
FL $XILINX/hw/XilinxProcessorIPLib/pcores/proc_common_v2_00_a/hdl/vhdl/direct_path_cntr_ai.vhd 2005/03/16.02:10:47 H.42
EN proc_common_v2_00_a/DIRECT_PATH_CNTR_AI 1122082407 \
      FL $XILINX/hw/XilinxProcessorIPLib/pcores/proc_common_v2_00_a/hdl/vhdl/direct_path_cntr_ai.vhd \
      PB ieee/STD_LOGIC_1164 1106404628
AR proc_common_v2_00_a/DIRECT_PATH_CNTR_AI/IMP 1122082408 \
      FL $XILINX/hw/XilinxProcessorIPLib/pcores/proc_common_v2_00_a/hdl/vhdl/direct_path_cntr_ai.vhd \
      EN proc_common_v2_00_a/DIRECT_PATH_CNTR_AI 1122082407 PH unisim/VCOMPONENTS 1122082370 \
      CP STD_LOGIC      CP MULT_AND       CP MUXCY          CP XORCY          CP FDE
FL $XILINX/hw/XilinxProcessorIPLib/pcores/proc_common_v2_00_a/hdl/vhdl/family.vhd 2005/07/08.14:40:48 H.42
PH PROC_COMMON_V2_00_A/FAMILY 1122082431 \
      FL $XILINX/hw/XilinxProcessorIPLib/pcores/proc_common_v2_00_a/hdl/vhdl/family.vhd
PB proc_common_v2_00_a/FAMILY 1122082432 \
      FL $XILINX/hw/XilinxProcessorIPLib/pcores/proc_common_v2_00_a/hdl/vhdl/family.vhd \
      PH PROC_COMMON_V2_00_A/FAMILY 1122082431
FL $XILINX/hw/XilinxProcessorIPLib/pcores/proc_common_v2_00_a/hdl/vhdl/down_counter.vhd 2005/03/16.02:10:47 H.42
EN proc_common_v2_00_a/DOWN_COUNTER 1122082447 \
      FL $XILINX/hw/XilinxProcessorIPLib/pcores/proc_common_v2_00_a/hdl/vhdl/down_counter.vhd \
      PB ieee/STD_LOGIC_1164 1106404628 PB ieee/STD_LOGIC_ARITH 1106404630 \
      PB proc_common_v2_00_a/PROC_COMMON_PKG 1122082384
AR proc_common_v2_00_a/DOWN_COUNTER/SIMULATION 1122082448 \
      FL $XILINX/hw/XilinxProcessorIPLib/pcores/proc_common_v2_00_a/hdl/vhdl/down_counter.vhd \
      EN proc_common_v2_00_a/DOWN_COUNTER 1122082447
FL $XILINX/hw/XilinxProcessorIPLib/pcores/proc_common_v2_00_a/hdl/vhdl/counter_bit.vhd 2005/03/16.02:10:47 H.42
EN proc_common_v2_00_a/COUNTER_BIT 1122082385 \
      FL $XILINX/hw/XilinxProcessorIPLib/pcores/proc_common_v2_00_a/hdl/vhdl/counter_bit.vhd \
      PB ieee/STD_LOGIC_1164 1106404628 LB UNISIM
AR proc_common_v2_00_a/COUNTER_BIT/IMP 1122082386 \
      FL $XILINX/hw/XilinxProcessorIPLib/pcores/proc_common_v2_00_a/hdl/vhdl/counter_bit.vhd \
      EN proc_common_v2_00_a/COUNTER_BIT 1122082385 CP LUT4 CP MUXCY_L CP XORCY \
      CP FDRE
FL $XILINX/hw/XilinxProcessorIPLib/pcores/proc_common_v2_00_a/hdl/vhdl/pf_occ_counter_top.vhd 2005/03/16.02:10:48 H.42
EN proc_common_v2_00_a/PF_OCC_COUNTER_TOP 1122082375 \
      FL $XILINX/hw/XilinxProcessorIPLib/pcores/proc_common_v2_00_a/hdl/vhdl/pf_occ_counter_top.vhd \
      PB ieee/STD_LOGIC_1164 1106404628 PH unisim/VCOMPONENTS 1122082370 \
      PH PROC_COMMON_V2_00_A/PF_OCC_COUNTER -1
AR proc_common_v2_00_a/PF_OCC_COUNTER_TOP/IMPLEMENTATION 1122082376 \
      FL $XILINX/hw/XilinxProcessorIPLib/pcores/proc_common_v2_00_a/hdl/vhdl/pf_occ_counter_top.vhd \
      EN proc_common_v2_00_a/PF_OCC_COUNTER_TOP 1122082375 \
      CP PROC_COMMON_V2_00_A/PF_OCC_COUNTER
FL $XILINX/hw/XilinxProcessorIPLib/pcores/proc_common_v2_00_a/hdl/vhdl/pf_counter_top.vhd 2005/03/16.02:10:48 H.42
EN proc_common_v2_00_a/PF_COUNTER_TOP 1122082377 \
      FL $XILINX/hw/XilinxProcessorIPLib/pcores/proc_common_v2_00_a/hdl/vhdl/pf_counter_top.vhd \
      PB ieee/STD_LOGIC_1164 1106404628 PH unisim/VCOMPONENTS 1122082370 \
      PH PROC_COMMON_V2_00_A/PF_COUNTER -1
AR proc_common_v2_00_a/PF_COUNTER_TOP/IMPLEMENTATION 1122082378 \
      FL $XILINX/hw/XilinxProcessorIPLib/pcores/proc_common_v2_00_a/hdl/vhdl/pf_counter_top.vhd \
      EN proc_common_v2_00_a/PF_COUNTER_TOP 1122082377 \
      CP PROC_COMMON_V2_00_A/PF_COUNTER
FL $XILINX/hw/XilinxProcessorIPLib/pcores/proc_common_v2_00_a/hdl/vhdl/counter.vhd 2005/03/16.02:10:47 H.42
EN proc_common_v2_00_a/COUNTER 1122082403 \
      FL $XILINX/hw/XilinxProcessorIPLib/pcores/proc_common_v2_00_a/hdl/vhdl/counter.vhd \
      PB ieee/STD_LOGIC_1164 1106404628 PH unisim/VCOMPONENTS 1122082370 \
      PH PROC_COMMON_V2_00_A/COUNTER_BIT -1
AR proc_common_v2_00_a/COUNTER/IMP 1122082404 \
      FL $XILINX/hw/XilinxProcessorIPLib/pcores/proc_common_v2_00_a/hdl/vhdl/counter.vhd \
      EN proc_common_v2_00_a/COUNTER 1122082403 CP PROC_COMMON_V2_00_A/COUNTER_BIT \
      CP FDRE
FL $XILINX/hw/XilinxProcessorIPLib/pcores/proc_common_v2_00_a/hdl/vhdl/pselect.vhd 2005/03/16.02:10:48 H.42
EN proc_common_v2_00_a/PSELECT 1122082409 \
      FL $XILINX/hw/XilinxProcessorIPLib/pcores/proc_common_v2_00_a/hdl/vhdl/pselect.vhd \
      PB ieee/STD_LOGIC_1164 1106404628 PB ieee/STD_LOGIC_ARITH 1106404630 \
      PB ieee/STD_LOGIC_UNSIGNED 1106404634 LB UNISIM
AR proc_common_v2_00_a/PSELECT/IMP 1122082410 \
      FL $XILINX/hw/XilinxProcessorIPLib/pcores/proc_common_v2_00_a/hdl/vhdl/pselect.vhd \
      EN proc_common_v2_00_a/PSELECT 1122082409 CP STD_LOGIC_VECTOR CP MUXCY
FL $XILINX/hw/XilinxProcessorIPLib/pcores/proc_common_v2_00_a/hdl/vhdl/ipif_steer.vhd 2005/03/16.02:10:47 H.42
EN proc_common_v2_00_a/IPIF_STEER 1122082421 \
      FL $XILINX/hw/XilinxProcessorIPLib/pcores/proc_common_v2_00_a/hdl/vhdl/ipif_steer.vhd \
      PB ieee/STD_LOGIC_1164 1106404628
AR proc_common_v2_00_a/IPIF_STEER/IMP 1122082422 \
      FL $XILINX/hw/XilinxProcessorIPLib/pcores/proc_common_v2_00_a/hdl/vhdl/ipif_steer.vhd \
      EN proc_common_v2_00_a/IPIF_STEER 1122082421 CP STD_LOGIC \
      CP STD_LOGIC_VECTOR
FL $XILINX/hw/XilinxProcessorIPLib/pcores/proc_common_v2_00_a/hdl/vhdl/srl_fifo2.vhd 2005/03/16.02:10:48 H.42
EN proc_common_v2_00_a/SRL_FIFO2 1122082439 \
      FL $XILINX/hw/XilinxProcessorIPLib/pcores/proc_common_v2_00_a/hdl/vhdl/srl_fifo2.vhd \
      PB ieee/STD_LOGIC_1164 1106404628 PB ieee/STD_LOGIC_ARITH 1106404630 \
      LB UNISIM
AR proc_common_v2_00_a/SRL_FIFO2/IMP 1122082440 \
      FL $XILINX/hw/XilinxProcessorIPLib/pcores/proc_common_v2_00_a/hdl/vhdl/srl_fifo2.vhd \
      EN proc_common_v2_00_a/SRL_FIFO2 1122082439 CP FDR CP MUXCY_L CP XORCY \
      CP FDRE           CP SRL16E
FL $XILINX/hw/XilinxProcessorIPLib/pcores/proc_common_v2_00_a/hdl/vhdl/pf_occ_counter.vhd 2005/03/16.02:10:48 H.42
EN proc_common_v2_00_a/PF_OCC_COUNTER 1122082373 \
      FL $XILINX/hw/XilinxProcessorIPLib/pcores/proc_common_v2_00_a/hdl/vhdl/pf_occ_counter.vhd \
      PB ieee/STD_LOGIC_1164 1106404628 PH unisim/VCOMPONENTS 1122082370 \
      PH PROC_COMMON_V2_00_A/PF_COUNTER_BIT -1
AR proc_common_v2_00_a/PF_OCC_COUNTER/IMPLEMENTATION 1122082374 \
      FL $XILINX/hw/XilinxProcessorIPLib/pcores/proc_common_v2_00_a/hdl/vhdl/pf_occ_counter.vhd \
      EN proc_common_v2_00_a/PF_OCC_COUNTER 1122082373 CP MUXCY \
      CP PROC_COMMON_V2_00_A/PF_COUNTER_BIT
FL $XILINX/hw/XilinxProcessorIPLib/pcores/proc_common_v2_00_a/hdl/vhdl/pf_dpram_select.vhd 2005/03/16.02:10:48 H.42
EN proc_common_v2_00_a/PF_DPRAM_SELECT 1122082391 \
      FL $XILINX/hw/XilinxProcessorIPLib/pcores/proc_common_v2_00_a/hdl/vhdl/pf_dpram_select.vhd \
      PB ieee/STD_LOGIC_1164 1106404628 PH ieee/NUMERIC_STD 1106404639 LB UNISIM
AR proc_common_v2_00_a/PF_DPRAM_SELECT/IMPLEMENTATION 1122082392 \
      FL $XILINX/hw/XilinxProcessorIPLib/pcores/proc_common_v2_00_a/hdl/vhdl/pf_dpram_select.vhd \
      EN proc_common_v2_00_a/PF_DPRAM_SELECT 1122082391 CP IN CP OUT CP INTEGER \
      CP DBUS_SLICE_ARRAY CP PDBUS_SLICE_ARRAY CP STD_LOGIC_VECTOR CP STD_LOGIC \
      CP RAMB16_S36_S36 CP RAMB16_S18_S18 CP RAMB16_S9_S9   CP RAMB16_S4_S4 \
      CP RAMB16_S2_S2   CP RAMB16_S1_S1   CP RAMB4_S1_S1    CP RAMB4_S2_S2 \
      CP RAMB4_S4_S4    CP RAMB4_S8_S8    CP RAMB4_S16_S16
FL $XILINX/hw/XilinxProcessorIPLib/pcores/proc_common_v2_00_a/hdl/vhdl/inferred_lut4.vhd 2005/03/16.02:10:47 H.42
EN proc_common_v2_00_a/INFERRED_LUT4 1113115152 \
      FL $XILINX/hw/XilinxProcessorIPLib/pcores/proc_common_v2_00_a/hdl/vhdl/inferred_lut4.vhd \
      PB ieee/STD_LOGIC_1164 1106404628 PB ieee/STD_LOGIC_ARITH 1106404630 \
      PB ieee/STD_LOGIC_UNSIGNED 1106404634
AR proc_common_v2_00_a/INFERRED_LUT4/IMPLEMENTATION 1113115153 \
      FL $XILINX/hw/XilinxProcessorIPLib/pcores/proc_common_v2_00_a/hdl/vhdl/inferred_lut4.vhd \
      EN proc_common_v2_00_a/INFERRED_LUT4 1113115152
FL $XILINX/hw/XilinxProcessorIPLib/pcores/proc_common_v2_00_a/hdl/vhdl/mux_onehot.vhd 2005/03/16.02:10:48 H.42
EN proc_common_v2_00_a/MUX_ONEHOT 1122082445 \
      FL $XILINX/hw/XilinxProcessorIPLib/pcores/proc_common_v2_00_a/hdl/vhdl/mux_onehot.vhd \
      PB ieee/STD_LOGIC_1164 1106404628 LB UNISIM
AR proc_common_v2_00_a/MUX_ONEHOT/IMP 1122082446 \
      FL $XILINX/hw/XilinxProcessorIPLib/pcores/proc_common_v2_00_a/hdl/vhdl/mux_onehot.vhd \
      EN proc_common_v2_00_a/MUX_ONEHOT 1122082445 CP MUXCY
FL $XILINX/hw/XilinxProcessorIPLib/pcores/proc_common_v2_00_a/hdl/vhdl/or_gate.vhd 2005/03/16.02:10:48 H.42
EN proc_common_v2_00_a/OR_GATE 1122082437 \
      FL $XILINX/hw/XilinxProcessorIPLib/pcores/proc_common_v2_00_a/hdl/vhdl/or_gate.vhd \
      PB ieee/STD_LOGIC_1164 1106404628 PB ieee/STD_LOGIC_ARITH 1106404630 \
      PB ieee/STD_LOGIC_UNSIGNED 1106404634 LB PROC_COMMON_V2_00_A
AR proc_common_v2_00_a/OR_GATE/IMP 1122082438 \
      FL $XILINX/hw/XilinxProcessorIPLib/pcores/proc_common_v2_00_a/hdl/vhdl/or_gate.vhd \
      EN proc_common_v2_00_a/OR_GATE 1122082437 CP STD_LOGIC_VECTOR CP OR_MUXCY
FL $XILINX/hw/XilinxProcessorIPLib/pcores/proc_common_v2_00_a/hdl/vhdl/pf_adder.vhd 2005/03/16.02:10:48 H.42
EN proc_common_v2_00_a/PF_ADDER 1122082379 \
      FL $XILINX/hw/XilinxProcessorIPLib/pcores/proc_common_v2_00_a/hdl/vhdl/pf_adder.vhd \
      PB ieee/STD_LOGIC_1164 1106404628 LB UNISIM
AR proc_common_v2_00_a/PF_ADDER/IMPLEMENTATION 1122082380 \
      FL $XILINX/hw/XilinxProcessorIPLib/pcores/proc_common_v2_00_a/hdl/vhdl/pf_adder.vhd \
      EN proc_common_v2_00_a/PF_ADDER 1122082379 CP PF_ADDER_BIT
FL $XILINX/hw/XilinxProcessorIPLib/pcores/proc_common_v2_00_a/hdl/vhdl/proc_common_pkg.vhd 2005/03/16.02:10:48 H.42
PH PROC_COMMON_V2_00_A/PROC_COMMON_PKG 1122082383 \
      FL $XILINX/hw/XilinxProcessorIPLib/pcores/proc_common_v2_00_a/hdl/vhdl/proc_common_pkg.vhd \
      PB ieee/STD_LOGIC_1164 1106404628 PB ieee/STD_LOGIC_ARITH 1106404630 \
      PB ieee/STD_LOGIC_UNSIGNED 1106404634
PB proc_common_v2_00_a/PROC_COMMON_PKG 1122082384 \
      FL $XILINX/hw/XilinxProcessorIPLib/pcores/proc_common_v2_00_a/hdl/vhdl/proc_common_pkg.vhd \
      PH PROC_COMMON_V2_00_A/PROC_COMMON_PKG 1122082383
FL $XILINX/hw/XilinxProcessorIPLib/pcores/proc_common_v2_00_a/hdl/vhdl/pf_counter_bit.vhd 2005/03/16.02:10:48 H.42
EN proc_common_v2_00_a/PF_COUNTER_BIT 1113115154 \
      FL $XILINX/hw/XilinxProcessorIPLib/pcores/proc_common_v2_00_a/hdl/vhdl/pf_counter_bit.vhd \
      PB ieee/STD_LOGIC_1164 1106404628 LB UNISIM \
      PH PROC_COMMON_V2_00_A/INFERRED_LUT4 -1
AR proc_common_v2_00_a/PF_COUNTER_BIT/IMPLEMENTATION 1113115155 \
      FL $XILINX/hw/XilinxProcessorIPLib/pcores/proc_common_v2_00_a/hdl/vhdl/pf_counter_bit.vhd \
      EN proc_common_v2_00_a/PF_COUNTER_BIT 1113115154 CP INFERRED_LUT4 CP MUXCY \
      CP XORCY          CP FDRE
FL $XILINX/hw/XilinxProcessorIPLib/pcores/proc_common_v2_00_a/hdl/vhdl/or_muxcy.vhd 2005/03/16.02:10:48 H.42
EN proc_common_v2_00_a/OR_MUXCY 1122082419 \
      FL $XILINX/hw/XilinxProcessorIPLib/pcores/proc_common_v2_00_a/hdl/vhdl/or_muxcy.vhd \
      PB ieee/STD_LOGIC_1164 1106404628 LB UNISIM
AR proc_common_v2_00_a/OR_MUXCY/IMPLEMENTATION 1122082420 \
      FL $XILINX/hw/XilinxProcessorIPLib/pcores/proc_common_v2_00_a/hdl/vhdl/or_muxcy.vhd \
      EN proc_common_v2_00_a/OR_MUXCY 1122082419 CP STD_LOGIC_VECTOR CP MUXCY
FL $XILINX/hw/XilinxProcessorIPLib/pcores/proc_common_v2_00_a/hdl/vhdl/pf_adder_bit.vhd 2005/03/16.02:10:48 H.42
EN proc_common_v2_00_a/PF_ADDER_BIT 1113115156 \
      FL $XILINX/hw/XilinxProcessorIPLib/pcores/proc_common_v2_00_a/hdl/vhdl/pf_adder_bit.vhd \
      PB ieee/STD_LOGIC_1164 1106404628 LB UNISIM \
      PH PROC_COMMON_V2_00_A/INFERRED_LUT4 -1
AR proc_common_v2_00_a/PF_ADDER_BIT/IMPLEMENTATION 1113115157 \
      FL $XILINX/hw/XilinxProcessorIPLib/pcores/proc_common_v2_00_a/hdl/vhdl/pf_adder_bit.vhd \
      EN proc_common_v2_00_a/PF_ADDER_BIT 1113115156 CP INFERRED_LUT4 CP MUXCY \
      CP XORCY          CP FDRE
FL $XILINX/hw/XilinxProcessorIPLib/pcores/proc_common_v2_00_a/hdl/vhdl/srl16_fifo.vhd 2005/03/16.02:10:48 H.42
EN proc_common_v2_00_a/SRL16_FIFO 1122082393 \
      FL $XILINX/hw/XilinxProcessorIPLib/pcores/proc_common_v2_00_a/hdl/vhdl/srl16_fifo.vhd \
      PH unisim/VCOMPONENTS 1122082370 PH PROC_COMMON_V2_00_A/PF_ADDER -1 \
      PH PROC_COMMON_V2_00_A/PF_COUNTER_TOP -1 \
      PH PROC_COMMON_V2_00_A/PF_OCC_COUNTER_TOP -1 PB ieee/STD_LOGIC_1164 1106404628 \
      PB ieee/STD_LOGIC_ARITH 1106404630 PB ieee/STD_LOGIC_UNSIGNED 1106404634
AR proc_common_v2_00_a/SRL16_FIFO/IMPLEMENTATION 1122082394 \
      FL $XILINX/hw/XilinxProcessorIPLib/pcores/proc_common_v2_00_a/hdl/vhdl/srl16_fifo.vhd \
      EN proc_common_v2_00_a/SRL16_FIFO 1122082393 \
      CP PROC_COMMON_V2_00_A/PF_OCC_COUNTER_TOP \
      CP PROC_COMMON_V2_00_A/PF_COUNTER_TOP CP SRL16E CP BOOLEAN CP INTEGER \
      CP STD_LOGIC_VECTOR CP PROC_COMMON_V2_00_A/PF_ADDER
FL $XILINX/hw/XilinxProcessorIPLib/pcores/proc_common_v2_00_a/hdl/vhdl/valid_be.vhd 2005/03/16.02:10:48 H.42
EN proc_common_v2_00_a/VALID_BE 1122082441 \
      FL $XILINX/hw/XilinxProcessorIPLib/pcores/proc_common_v2_00_a/hdl/vhdl/valid_be.vhd \
      PB ieee/STD_LOGIC_1164 1106404628 PB ieee/STD_LOGIC_ARITH 1106404630 \
      PB ieee/STD_LOGIC_SIGNED 1106404636 PB proc_common_v2_00_a/PROC_COMMON_PKG 1122082384
AR proc_common_v2_00_a/VALID_BE/IMPLEMENTATION 1122082442 \
      FL $XILINX/hw/XilinxProcessorIPLib/pcores/proc_common_v2_00_a/hdl/vhdl/valid_be.vhd \
      EN proc_common_v2_00_a/VALID_BE 1122082441
FL $XILINX/hw/XilinxProcessorIPLib/pcores/proc_common_v2_00_a/hdl/vhdl/pf_counter.vhd 2005/03/16.02:10:48 H.42
EN proc_common_v2_00_a/PF_COUNTER 1122082371 \
      FL $XILINX/hw/XilinxProcessorIPLib/pcores/proc_common_v2_00_a/hdl/vhdl/pf_counter.vhd \
      PB ieee/STD_LOGIC_1164 1106404628 PH unisim/VCOMPONENTS 1122082370 \
      PH PROC_COMMON_V2_00_A/PF_COUNTER_BIT -1
AR proc_common_v2_00_a/PF_COUNTER/IMPLEMENTATION 1122082372 \
      FL $XILINX/hw/XilinxProcessorIPLib/pcores/proc_common_v2_00_a/hdl/vhdl/pf_counter.vhd \
      EN proc_common_v2_00_a/PF_COUNTER 1122082371 \
      CP PROC_COMMON_V2_00_A/PF_COUNTER_BIT CP FDRE
FL $XILINX/hw/XilinxProcessorIPLib/pcores/proc_common_v2_00_a/hdl/vhdl/ld_arith_reg.vhd 2005/03/16.02:10:48 H.42
EN proc_common_v2_00_a/LD_ARITH_REG 1122082443 \
      FL $XILINX/hw/XilinxProcessorIPLib/pcores/proc_common_v2_00_a/hdl/vhdl/ld_arith_reg.vhd \
      PB ieee/STD_LOGIC_1164 1106404628
AR proc_common_v2_00_a/LD_ARITH_REG/IMP 1122082444 \
      FL $XILINX/hw/XilinxProcessorIPLib/pcores/proc_common_v2_00_a/hdl/vhdl/ld_arith_reg.vhd \
      EN proc_common_v2_00_a/LD_ARITH_REG 1122082443 LB UNISIM PH ieee/NUMERIC_STD 1106404639 \
      CP STD_LOGIC      CP MULT_AND       CP MUXCY          CP XORCY          CP FDRE \
      CP FDSE
FL $XILINX/hw/XilinxProcessorIPLib/pcores/proc_common_v2_00_a/hdl/vhdl/ipif_pkg.vhd 2005/03/16.02:10:47 H.42
PH PROC_COMMON_V2_00_A/IPIF_PKG 1122082399 \
      FL $XILINX/hw/XilinxProcessorIPLib/pcores/proc_common_v2_00_a/hdl/vhdl/ipif_pkg.vhd \
      PB ieee/STD_LOGIC_1164 1106404628 PB ieee/STD_LOGIC_ARITH 1106404630 \
      PB ieee/STD_LOGIC_UNSIGNED 1106404634
PB proc_common_v2_00_a/IPIF_PKG 1122082400 \
      FL $XILINX/hw/XilinxProcessorIPLib/pcores/proc_common_v2_00_a/hdl/vhdl/ipif_pkg.vhd \
      PH PROC_COMMON_V2_00_A/IPIF_PKG 1122082399 \
      PB proc_common_v2_00_a/PROC_COMMON_PKG 1122082384
