EN mux_onehot NULL C:/EDK/hw/XilinxProcessorIPLib/pcores/proc_common_v2_00_a/hdl/vhdl/mux_onehot.vhd sub00/vhpl46 1122082445
AR pf_occ_counter_top implementation C:/EDK/hw/XilinxProcessorIPLib/pcores/proc_common_v2_00_a/hdl/vhdl/pf_occ_counter_top.vhd sub00/vhpl11 1122082376
AR or_muxcy implementation C:/EDK/hw/XilinxProcessorIPLib/pcores/proc_common_v2_00_a/hdl/vhdl/or_muxcy.vhd sub00/vhpl33 1122082420
AR mux_onehot imp C:/EDK/hw/XilinxProcessorIPLib/pcores/proc_common_v2_00_a/hdl/vhdl/mux_onehot.vhd sub00/vhpl47 1122082446
AR pf_dpram_select implementation C:/EDK/hw/XilinxProcessorIPLib/pcores/proc_common_v2_00_a/hdl/vhdl/pf_dpram_select.vhd sub00/vhpl21 1122082392
EN pf_occ_counter_top NULL C:/EDK/hw/XilinxProcessorIPLib/pcores/proc_common_v2_00_a/hdl/vhdl/pf_occ_counter_top.vhd sub00/vhpl10 1122082375
AR srl_fifo2 imp C:/EDK/hw/XilinxProcessorIPLib/pcores/proc_common_v2_00_a/hdl/vhdl/srl_fifo2.vhd sub00/vhpl41 1122082440
AR or_gate imp C:/EDK/hw/XilinxProcessorIPLib/pcores/proc_common_v2_00_a/hdl/vhdl/or_gate.vhd sub00/vhpl39 1122082438
AR pf_adder_bit implementation C:/EDK/hw/XilinxProcessorIPLib/pcores/proc_common_v2_00_a/hdl/vhdl/pf_adder_bit.vhd sub00/vhpl05 1113114808
AR pf_adder implementation C:/EDK/hw/XilinxProcessorIPLib/pcores/proc_common_v2_00_a/hdl/vhdl/pf_adder.vhd sub00/vhpl15 1122082380
PH family NULL C:/EDK/hw/XilinxProcessorIPLib/pcores/proc_common_v2_00_a/hdl/vhdl/family.vhd sub00/vhpl36 1122082431
AR ld_arith_reg imp C:/EDK/hw/XilinxProcessorIPLib/pcores/proc_common_v2_00_a/hdl/vhdl/ld_arith_reg.vhd sub00/vhpl45 1122082444
EN counter_bit NULL C:/EDK/hw/XilinxProcessorIPLib/pcores/proc_common_v2_00_a/hdl/vhdl/counter_bit.vhd sub00/vhpl18 1122082385
EN pf_counter_top NULL C:/EDK/hw/XilinxProcessorIPLib/pcores/proc_common_v2_00_a/hdl/vhdl/pf_counter_top.vhd sub00/vhpl12 1122082377
PH ipif_pkg NULL C:/EDK/hw/XilinxProcessorIPLib/pcores/proc_common_v2_00_a/hdl/vhdl/ipif_pkg.vhd sub00/vhpl24 1122082399
EN valid_be NULL C:/EDK/hw/XilinxProcessorIPLib/pcores/proc_common_v2_00_a/hdl/vhdl/valid_be.vhd sub00/vhpl42 1122082441
EN srl16_fifo NULL C:/EDK/hw/XilinxProcessorIPLib/pcores/proc_common_v2_00_a/hdl/vhdl/srl16_fifo.vhd sub00/vhpl22 1122082393
AR counter_bit imp C:/EDK/hw/XilinxProcessorIPLib/pcores/proc_common_v2_00_a/hdl/vhdl/counter_bit.vhd sub00/vhpl19 1122082386
EN counter NULL C:/EDK/hw/XilinxProcessorIPLib/pcores/proc_common_v2_00_a/hdl/vhdl/counter.vhd sub00/vhpl26 1122082403
AR down_counter simulation C:/EDK/hw/XilinxProcessorIPLib/pcores/proc_common_v2_00_a/hdl/vhdl/down_counter.vhd sub00/vhpl49 1122082448
EN srl_fifo2 NULL C:/EDK/hw/XilinxProcessorIPLib/pcores/proc_common_v2_00_a/hdl/vhdl/srl_fifo2.vhd sub00/vhpl40 1122082439
EN inferred_lut4 NULL C:/EDK/hw/XilinxProcessorIPLib/pcores/proc_common_v2_00_a/hdl/vhdl/inferred_lut4.vhd sub00/vhpl00 1113114803
EN pf_adder_bit NULL C:/EDK/hw/XilinxProcessorIPLib/pcores/proc_common_v2_00_a/hdl/vhdl/pf_adder_bit.vhd sub00/vhpl04 1113114807
AR pf_counter_bit implementation C:/EDK/hw/XilinxProcessorIPLib/pcores/proc_common_v2_00_a/hdl/vhdl/pf_counter_bit.vhd sub00/vhpl03 1113114806
EN pf_occ_counter NULL C:/EDK/hw/XilinxProcessorIPLib/pcores/proc_common_v2_00_a/hdl/vhdl/pf_occ_counter.vhd sub00/vhpl08 1122082373
EN pselect NULL C:/EDK/hw/XilinxProcessorIPLib/pcores/proc_common_v2_00_a/hdl/vhdl/pselect.vhd sub00/vhpl30 1122082409
EN pf_dpram_select NULL C:/EDK/hw/XilinxProcessorIPLib/pcores/proc_common_v2_00_a/hdl/vhdl/pf_dpram_select.vhd sub00/vhpl20 1122082391
AR srl16_fifo implementation C:/EDK/hw/XilinxProcessorIPLib/pcores/proc_common_v2_00_a/hdl/vhdl/srl16_fifo.vhd sub00/vhpl23 1122082394
EN or_gate NULL C:/EDK/hw/XilinxProcessorIPLib/pcores/proc_common_v2_00_a/hdl/vhdl/or_gate.vhd sub00/vhpl38 1122082437
AR pf_counter_top implementation C:/EDK/hw/XilinxProcessorIPLib/pcores/proc_common_v2_00_a/hdl/vhdl/pf_counter_top.vhd sub00/vhpl13 1122082378
EN down_counter NULL C:/EDK/hw/XilinxProcessorIPLib/pcores/proc_common_v2_00_a/hdl/vhdl/down_counter.vhd sub00/vhpl48 1122082447
EN direct_path_cntr_ai NULL C:/EDK/hw/XilinxProcessorIPLib/pcores/proc_common_v2_00_a/hdl/vhdl/direct_path_cntr_ai.vhd sub00/vhpl28 1122082407
PB ipif_pkg ipif_pkg C:/EDK/hw/XilinxProcessorIPLib/pcores/proc_common_v2_00_a/hdl/vhdl/ipif_pkg.vhd sub00/vhpl25 1122082400
PH proc_common_pkg NULL C:/EDK/hw/XilinxProcessorIPLib/pcores/proc_common_v2_00_a/hdl/vhdl/proc_common_pkg.vhd sub00/vhpl16 1122082383
AR inferred_lut4 implementation C:/EDK/hw/XilinxProcessorIPLib/pcores/proc_common_v2_00_a/hdl/vhdl/inferred_lut4.vhd sub00/vhpl01 1113114804
AR counter imp C:/EDK/hw/XilinxProcessorIPLib/pcores/proc_common_v2_00_a/hdl/vhdl/counter.vhd sub00/vhpl27 1122082404
EN pf_adder NULL C:/EDK/hw/XilinxProcessorIPLib/pcores/proc_common_v2_00_a/hdl/vhdl/pf_adder.vhd sub00/vhpl14 1122082379
EN pf_counter NULL C:/EDK/hw/XilinxProcessorIPLib/pcores/proc_common_v2_00_a/hdl/vhdl/pf_counter.vhd sub00/vhpl06 1122082371
EN ld_arith_reg NULL C:/EDK/hw/XilinxProcessorIPLib/pcores/proc_common_v2_00_a/hdl/vhdl/ld_arith_reg.vhd sub00/vhpl44 1122082443
AR pf_counter implementation C:/EDK/hw/XilinxProcessorIPLib/pcores/proc_common_v2_00_a/hdl/vhdl/pf_counter.vhd sub00/vhpl07 1122082372
EN pf_counter_bit NULL C:/EDK/hw/XilinxProcessorIPLib/pcores/proc_common_v2_00_a/hdl/vhdl/pf_counter_bit.vhd sub00/vhpl02 1113114805
AR ipif_steer imp C:/EDK/hw/XilinxProcessorIPLib/pcores/proc_common_v2_00_a/hdl/vhdl/ipif_steer.vhd sub00/vhpl35 1122082422
PB family family C:/EDK/hw/XilinxProcessorIPLib/pcores/proc_common_v2_00_a/hdl/vhdl/family.vhd sub00/vhpl37 1122082432
AR valid_be implementation C:/EDK/hw/XilinxProcessorIPLib/pcores/proc_common_v2_00_a/hdl/vhdl/valid_be.vhd sub00/vhpl43 1122082442
AR pf_occ_counter implementation C:/EDK/hw/XilinxProcessorIPLib/pcores/proc_common_v2_00_a/hdl/vhdl/pf_occ_counter.vhd sub00/vhpl09 1122082374
EN ipif_steer NULL C:/EDK/hw/XilinxProcessorIPLib/pcores/proc_common_v2_00_a/hdl/vhdl/ipif_steer.vhd sub00/vhpl34 1122082421
EN or_muxcy NULL C:/EDK/hw/XilinxProcessorIPLib/pcores/proc_common_v2_00_a/hdl/vhdl/or_muxcy.vhd sub00/vhpl32 1122082419
AR direct_path_cntr_ai imp C:/EDK/hw/XilinxProcessorIPLib/pcores/proc_common_v2_00_a/hdl/vhdl/direct_path_cntr_ai.vhd sub00/vhpl29 1122082408
AR pselect imp C:/EDK/hw/XilinxProcessorIPLib/pcores/proc_common_v2_00_a/hdl/vhdl/pselect.vhd sub00/vhpl31 1122082410
PB proc_common_pkg proc_common_pkg C:/EDK/hw/XilinxProcessorIPLib/pcores/proc_common_v2_00_a/hdl/vhdl/proc_common_pkg.vhd sub00/vhpl17 1122082384
